[www.exeter.ac.uk/india-1/indexc2cb.html]
[backblue.gif]
[fade.gif]
[index.html]
[www.exeter.ac.uk/codebox/bootstrap337/css/bootstrap.min.css]
[use.fontawesome.com/releases/v5.5.0/css/all.css]
[www.exeter.ac.uk/media/universityofexeter/recruitmentsites/css/styles.css]
[www.exeter.ac.uk/media/universityofexeter/recruitmentsites/css/responsive.css]
[www.exeter.ac.uk/codebox/bootstrap337/js/bootstrap.min.js]
[code.jquery.com/jquery-1.11.1.min.js]
[www.exeter.ac.uk/media/universityofexeter/recruitmentsites/js/jquery.bcSwipe.js]
[www.exeter.ac.uk/media/universityofexeter/recruitmentsites/js/normalise-carousel-heights.js]
[www.exeter.ac.uk/media/universityofexeter/recruitmentsites/js/jquery.mb.YTPlayer.min.js]
[try.abtasty.com/25815a6dd8d07c10e8a6399806c4f922.js]
[www.exeter.ac.uk/codebox/cookie-policy-notification/styles.css]
[cdnjs.cloudflare.com/ajax/libs/cookieconsent2/3.0.3/cookieconsent.min.js]
[www.exeter.ac.uk/codebox/cookie-policy-notification/notification.js]
[img.youtube.com/vi/4Xwt8DOyLbw/maxresdefault.jpg]
[www.exeter.ac.uk/india-1/indexc2cb.html]
[www.exeter.ac.uk/codebox/bootstrap337/css/bootstrap.min.css]
[use.fontawesome.com/releases/v5.5.0/css/all.css]
[www.exeter.ac.uk/media/universityofexeter/recruitmentsites/images/global-map-branding.png]
[www.exeter.ac.uk/media/universityofexeter/recruitmentsites/images/footer-uk-map.png]
[www.exeter.ac.uk/media/universityofexeter/recruitmentsites/images/ug/ug-home-search.jpg]
[www.exeter.ac.uk/media/universityofexeter/recruitmentsites/css/styles.css]
[www.exeter.ac.uk/media/universityofexeter/recruitmentsites/images/header-bg.gif]
[www.exeter.ac.uk/media/universityofexeter/recruitmentsites/css/responsive.css]
[www.googletagmanager.com/gtm5445.html]
[www.exeter.ac.uk/codebox/cookie-policy-notification/styles.css]
